2026-05-05 14:39:30 - INFO - django.utils.autoreload - autoreload.py:681 - run_with_reloader() - Watching for file changes with StatReloader
2026-05-05 14:40:10 - DEBUG - users.views - views.py:46 - home() - Home page accessed by anonymous user
2026-05-05 14:40:10 - INFO - django.server - log.py:249 - log_message() - "GET / HTTP/1.1" 200 2641
2026-05-05 14:40:10 - WARNING - django.request - log.py:249 - log_message() - Not Found: /favicon.ico
2026-05-05 14:40:10 - WARNING - django.server - log.py:249 - log_message() - "GET /favicon.ico HTTP/1.1" 404 4759
2026-05-05 14:40:14 - INFO - django.server - log.py:249 - log_message() - "GET /register/ HTTP/1.1" 200 6367
2026-05-05 14:41:00 - INFO - django.server - log.py:249 - log_message() - "GET /auth/login/ HTTP/1.1" 200 3607
2026-05-05 14:41:13 - INFO - users.views - views.py:208 - form_valid() - Successful login: Rita (IP: 127.0.0.1)
2026-05-05 14:41:13 - DEBUG - users.models - models.py:60 - save() - User updated: Rita (ID: 1)
2026-05-05 14:41:13 - INFO - django.server - log.py:249 - log_message() - "POST /auth/login/ HTTP/1.1" 302 0
2026-05-05 14:41:13 - DEBUG - users.views - views.py:46 - home() - Home page accessed by Rita
2026-05-05 14:41:13 - ERROR - django.request - log.py:249 - log_message() - Internal Server Error: /
Traceback (most recent call last):
  File "C:\Users\Rita\3 курс\myproject\.venv\Lib\site-packages\django\core\handlers\exception.py", line 55, in inner
    response = get_response(request)
               ^^^^^^^^^^^^^^^^^^^^^
  File "C:\Users\Rita\3 курс\myproject\.venv\Lib\site-packages\django\core\handlers\base.py", line 198, in _get_response
    response = wrapped_callback(request, *callback_args, **callback_kwargs)
               ^^^^^^^^^^^^^^^^^^^^^^^^^^^^^^^^^^^^^^^^^^^^^^^^^^^^^^^^^^^^
  File "C:\Users\Rita\3 курс\myproject\myproject\users\views.py", line 48, in home
    return render(request, 'home.html')
           ^^^^^^^^^^^^^^^^^^^^^^^^^^^^
  File "C:\Users\Rita\3 курс\myproject\.venv\Lib\site-packages\django\shortcuts.py", line 25, in render
    content = loader.render_to_string(template_name, context, request, using=using)
              ^^^^^^^^^^^^^^^^^^^^^^^^^^^^^^^^^^^^^^^^^^^^^^^^^^^^^^^^^^^^^^^^^^^^^
  File "C:\Users\Rita\3 курс\myproject\.venv\Lib\site-packages\django\template\loader.py", line 62, in render_to_string
    return template.render(context, request)
           ^^^^^^^^^^^^^^^^^^^^^^^^^^^^^^^^^
  File "C:\Users\Rita\3 курс\myproject\.venv\Lib\site-packages\django\template\backends\django.py", line 107, in render
    return self.template.render(context)
           ^^^^^^^^^^^^^^^^^^^^^^^^^^^^^
  File "C:\Users\Rita\3 курс\myproject\.venv\Lib\site-packages\django\template\base.py", line 174, in render
    return self._render(context)
           ^^^^^^^^^^^^^^^^^^^^^
  File "C:\Users\Rita\3 курс\myproject\.venv\Lib\site-packages\django\template\base.py", line 166, in _render
    return self.nodelist.render(context)
           ^^^^^^^^^^^^^^^^^^^^^^^^^^^^^
  File "C:\Users\Rita\3 курс\myproject\.venv\Lib\site-packages\django\template\base.py", line 1091, in render
    return SafeString("".join([node.render_annotated(context) for node in self]))
                               ^^^^^^^^^^^^^^^^^^^^^^^^^^^^^^
  File "C:\Users\Rita\3 курс\myproject\.venv\Lib\site-packages\django\template\base.py", line 1052, in render_annotated
    return self.render(context)
           ^^^^^^^^^^^^^^^^^^^^
  File "C:\Users\Rita\3 курс\myproject\.venv\Lib\site-packages\django\template\loader_tags.py", line 160, in render
    return compiled_parent._render(context)
           ^^^^^^^^^^^^^^^^^^^^^^^^^^^^^^^^
  File "C:\Users\Rita\3 курс\myproject\.venv\Lib\site-packages\django\template\base.py", line 166, in _render
    return self.nodelist.render(context)
           ^^^^^^^^^^^^^^^^^^^^^^^^^^^^^
  File "C:\Users\Rita\3 курс\myproject\.venv\Lib\site-packages\django\template\base.py", line 1091, in render
    return SafeString("".join([node.render_annotated(context) for node in self]))
                               ^^^^^^^^^^^^^^^^^^^^^^^^^^^^^^
  File "C:\Users\Rita\3 курс\myproject\.venv\Lib\site-packages\django\template\base.py", line 1052, in render_annotated
    return self.render(context)
           ^^^^^^^^^^^^^^^^^^^^
  File "C:\Users\Rita\3 курс\myproject\.venv\Lib\site-packages\django\template\defaulttags.py", line 333, in render
    return nodelist.render(context)
           ^^^^^^^^^^^^^^^^^^^^^^^^
  File "C:\Users\Rita\3 курс\myproject\.venv\Lib\site-packages\django\template\base.py", line 1091, in render
    return SafeString("".join([node.render_annotated(context) for node in self]))
                               ^^^^^^^^^^^^^^^^^^^^^^^^^^^^^^
  File "C:\Users\Rita\3 курс\myproject\.venv\Lib\site-packages\django\template\base.py", line 1052, in render_annotated
    return self.render(context)
           ^^^^^^^^^^^^^^^^^^^^
  File "C:\Users\Rita\3 курс\myproject\.venv\Lib\site-packages\django\template\defaulttags.py", line 511, in render
    url = reverse(view_name, args=args, kwargs=kwargs, current_app=current_app)
          ^^^^^^^^^^^^^^^^^^^^^^^^^^^^^^^^^^^^^^^^^^^^^^^^^^^^^^^^^^^^^^^^^^^^^
  File "C:\Users\Rita\3 курс\myproject\.venv\Lib\site-packages\django\urls\base.py", line 98, in reverse
    resolved_url = resolver._reverse_with_prefix(view, prefix, *args, **kwargs)
                   ^^^^^^^^^^^^^^^^^^^^^^^^^^^^^^^^^^^^^^^^^^^^^^^^^^^^^^^^^^^^
  File "C:\Users\Rita\3 курс\myproject\.venv\Lib\site-packages\django\urls\resolvers.py", line 842, in _reverse_with_prefix
    raise NoReverseMatch(msg)
django.urls.exceptions.NoReverseMatch: Reverse for 'password_change' not found. 'password_change' is not a valid view function or pattern name.
2026-05-05 14:41:13 - ERROR - django.server - log.py:249 - log_message() - "GET / HTTP/1.1" 500 156792
2026-05-05 14:41:22 - ERROR - django.request - log.py:249 - log_message() - Internal Server Error: /auth/login/
Traceback (most recent call last):
  File "C:\Users\Rita\3 курс\myproject\.venv\Lib\site-packages\django\core\handlers\exception.py", line 55, in inner
    response = get_response(request)
               ^^^^^^^^^^^^^^^^^^^^^
  File "C:\Users\Rita\3 курс\myproject\.venv\Lib\site-packages\django\core\handlers\base.py", line 221, in _get_response
    response = response.render()
               ^^^^^^^^^^^^^^^^^
  File "C:\Users\Rita\3 курс\myproject\.venv\Lib\site-packages\django\template\response.py", line 114, in render
    self.content = self.rendered_content
                   ^^^^^^^^^^^^^^^^^^^^^
  File "C:\Users\Rita\3 курс\myproject\.venv\Lib\site-packages\django\template\response.py", line 92, in rendered_content
    return template.render(context, self._request)
           ^^^^^^^^^^^^^^^^^^^^^^^^^^^^^^^^^^^^^^^
  File "C:\Users\Rita\3 курс\myproject\.venv\Lib\site-packages\django\template\backends\django.py", line 107, in render
    return self.template.render(context)
           ^^^^^^^^^^^^^^^^^^^^^^^^^^^^^
  File "C:\Users\Rita\3 курс\myproject\.venv\Lib\site-packages\django\template\base.py", line 174, in render
    return self._render(context)
           ^^^^^^^^^^^^^^^^^^^^^
  File "C:\Users\Rita\3 курс\myproject\.venv\Lib\site-packages\django\template\base.py", line 166, in _render
    return self.nodelist.render(context)
           ^^^^^^^^^^^^^^^^^^^^^^^^^^^^^
  File "C:\Users\Rita\3 курс\myproject\.venv\Lib\site-packages\django\template\base.py", line 1091, in render
    return SafeString("".join([node.render_annotated(context) for node in self]))
                               ^^^^^^^^^^^^^^^^^^^^^^^^^^^^^^
  File "C:\Users\Rita\3 курс\myproject\.venv\Lib\site-packages\django\template\base.py", line 1052, in render_annotated
    return self.render(context)
           ^^^^^^^^^^^^^^^^^^^^
  File "C:\Users\Rita\3 курс\myproject\.venv\Lib\site-packages\django\template\loader_tags.py", line 160, in render
    return compiled_parent._render(context)
           ^^^^^^^^^^^^^^^^^^^^^^^^^^^^^^^^
  File "C:\Users\Rita\3 курс\myproject\.venv\Lib\site-packages\django\template\base.py", line 166, in _render
    return self.nodelist.render(context)
           ^^^^^^^^^^^^^^^^^^^^^^^^^^^^^
  File "C:\Users\Rita\3 курс\myproject\.venv\Lib\site-packages\django\template\base.py", line 1091, in render
    return SafeString("".join([node.render_annotated(context) for node in self]))
                               ^^^^^^^^^^^^^^^^^^^^^^^^^^^^^^
  File "C:\Users\Rita\3 курс\myproject\.venv\Lib\site-packages\django\template\base.py", line 1052, in render_annotated
    return self.render(context)
           ^^^^^^^^^^^^^^^^^^^^
  File "C:\Users\Rita\3 курс\myproject\.venv\Lib\site-packages\django\template\defaulttags.py", line 333, in render
    return nodelist.render(context)
           ^^^^^^^^^^^^^^^^^^^^^^^^
  File "C:\Users\Rita\3 курс\myproject\.venv\Lib\site-packages\django\template\base.py", line 1091, in render
    return SafeString("".join([node.render_annotated(context) for node in self]))
                               ^^^^^^^^^^^^^^^^^^^^^^^^^^^^^^
  File "C:\Users\Rita\3 курс\myproject\.venv\Lib\site-packages\django\template\base.py", line 1052, in render_annotated
    return self.render(context)
           ^^^^^^^^^^^^^^^^^^^^
  File "C:\Users\Rita\3 курс\myproject\.venv\Lib\site-packages\django\template\defaulttags.py", line 511, in render
    url = reverse(view_name, args=args, kwargs=kwargs, current_app=current_app)
          ^^^^^^^^^^^^^^^^^^^^^^^^^^^^^^^^^^^^^^^^^^^^^^^^^^^^^^^^^^^^^^^^^^^^^
  File "C:\Users\Rita\3 курс\myproject\.venv\Lib\site-packages\django\urls\base.py", line 98, in reverse
    resolved_url = resolver._reverse_with_prefix(view, prefix, *args, **kwargs)
                   ^^^^^^^^^^^^^^^^^^^^^^^^^^^^^^^^^^^^^^^^^^^^^^^^^^^^^^^^^^^^
  File "C:\Users\Rita\3 курс\myproject\.venv\Lib\site-packages\django\urls\resolvers.py", line 842, in _reverse_with_prefix
    raise NoReverseMatch(msg)
django.urls.exceptions.NoReverseMatch: Reverse for 'password_change' not found. 'password_change' is not a valid view function or pattern name.
2026-05-05 14:41:22 - ERROR - django.server - log.py:249 - log_message() - "GET /auth/login/ HTTP/1.1" 500 157751
2026-05-05 14:41:26 - ERROR - django.request - log.py:249 - log_message() - Internal Server Error: /auth/login/
Traceback (most recent call last):
  File "C:\Users\Rita\3 курс\myproject\.venv\Lib\site-packages\django\core\handlers\exception.py", line 55, in inner
    response = get_response(request)
               ^^^^^^^^^^^^^^^^^^^^^
  File "C:\Users\Rita\3 курс\myproject\.venv\Lib\site-packages\django\core\handlers\base.py", line 221, in _get_response
    response = response.render()
               ^^^^^^^^^^^^^^^^^
  File "C:\Users\Rita\3 курс\myproject\.venv\Lib\site-packages\django\template\response.py", line 114, in render
    self.content = self.rendered_content
                   ^^^^^^^^^^^^^^^^^^^^^
  File "C:\Users\Rita\3 курс\myproject\.venv\Lib\site-packages\django\template\response.py", line 92, in rendered_content
    return template.render(context, self._request)
           ^^^^^^^^^^^^^^^^^^^^^^^^^^^^^^^^^^^^^^^
  File "C:\Users\Rita\3 курс\myproject\.venv\Lib\site-packages\django\template\backends\django.py", line 107, in render
    return self.template.render(context)
           ^^^^^^^^^^^^^^^^^^^^^^^^^^^^^
  File "C:\Users\Rita\3 курс\myproject\.venv\Lib\site-packages\django\template\base.py", line 174, in render
    return self._render(context)
           ^^^^^^^^^^^^^^^^^^^^^
  File "C:\Users\Rita\3 курс\myproject\.venv\Lib\site-packages\django\template\base.py", line 166, in _render
    return self.nodelist.render(context)
           ^^^^^^^^^^^^^^^^^^^^^^^^^^^^^
  File "C:\Users\Rita\3 курс\myproject\.venv\Lib\site-packages\django\template\base.py", line 1091, in render
    return SafeString("".join([node.render_annotated(context) for node in self]))
                               ^^^^^^^^^^^^^^^^^^^^^^^^^^^^^^
  File "C:\Users\Rita\3 курс\myproject\.venv\Lib\site-packages\django\template\base.py", line 1052, in render_annotated
    return self.render(context)
           ^^^^^^^^^^^^^^^^^^^^
  File "C:\Users\Rita\3 курс\myproject\.venv\Lib\site-packages\django\template\loader_tags.py", line 160, in render
    return compiled_parent._render(context)
           ^^^^^^^^^^^^^^^^^^^^^^^^^^^^^^^^
  File "C:\Users\Rita\3 курс\myproject\.venv\Lib\site-packages\django\template\base.py", line 166, in _render
    return self.nodelist.render(context)
           ^^^^^^^^^^^^^^^^^^^^^^^^^^^^^
  File "C:\Users\Rita\3 курс\myproject\.venv\Lib\site-packages\django\template\base.py", line 1091, in render
    return SafeString("".join([node.render_annotated(context) for node in self]))
                               ^^^^^^^^^^^^^^^^^^^^^^^^^^^^^^
  File "C:\Users\Rita\3 курс\myproject\.venv\Lib\site-packages\django\template\base.py", line 1052, in render_annotated
    return self.render(context)
           ^^^^^^^^^^^^^^^^^^^^
  File "C:\Users\Rita\3 курс\myproject\.venv\Lib\site-packages\django\template\defaulttags.py", line 333, in render
    return nodelist.render(context)
           ^^^^^^^^^^^^^^^^^^^^^^^^
  File "C:\Users\Rita\3 курс\myproject\.venv\Lib\site-packages\django\template\base.py", line 1091, in render
    return SafeString("".join([node.render_annotated(context) for node in self]))
                               ^^^^^^^^^^^^^^^^^^^^^^^^^^^^^^
  File "C:\Users\Rita\3 курс\myproject\.venv\Lib\site-packages\django\template\base.py", line 1052, in render_annotated
    return self.render(context)
           ^^^^^^^^^^^^^^^^^^^^
  File "C:\Users\Rita\3 курс\myproject\.venv\Lib\site-packages\django\template\defaulttags.py", line 511, in render
    url = reverse(view_name, args=args, kwargs=kwargs, current_app=current_app)
          ^^^^^^^^^^^^^^^^^^^^^^^^^^^^^^^^^^^^^^^^^^^^^^^^^^^^^^^^^^^^^^^^^^^^^
  File "C:\Users\Rita\3 курс\myproject\.venv\Lib\site-packages\django\urls\base.py", line 98, in reverse
    resolved_url = resolver._reverse_with_prefix(view, prefix, *args, **kwargs)
                   ^^^^^^^^^^^^^^^^^^^^^^^^^^^^^^^^^^^^^^^^^^^^^^^^^^^^^^^^^^^^
  File "C:\Users\Rita\3 курс\myproject\.venv\Lib\site-packages\django\urls\resolvers.py", line 842, in _reverse_with_prefix
    raise NoReverseMatch(msg)
django.urls.exceptions.NoReverseMatch: Reverse for 'password_change' not found. 'password_change' is not a valid view function or pattern name.
2026-05-05 14:41:26 - ERROR - django.server - log.py:249 - log_message() - "GET /auth/login/ HTTP/1.1" 500 157882
2026-05-05 14:45:16 - INFO - django.utils.autoreload - autoreload.py:265 - trigger_reload() - C:\Users\Rita\3 курс\myproject\myproject\myproject\urls.py changed, reloading.
2026-05-05 14:45:18 - INFO - django.utils.autoreload - autoreload.py:681 - run_with_reloader() - Watching for file changes with StatReloader
2026-05-05 14:46:28 - INFO - django.utils.autoreload - autoreload.py:681 - run_with_reloader() - Watching for file changes with StatReloader
2026-05-05 14:46:32 - DEBUG - users.views - views.py:46 - home() - Home page accessed by Rita
2026-05-05 14:46:32 - INFO - django.server - log.py:249 - log_message() - "GET / HTTP/1.1" 200 3829
2026-05-05 14:46:37 - DEBUG - users.views - views.py:79 - profile_view() - User Rita viewed their own profile
2026-05-05 14:46:37 - INFO - django.server - log.py:249 - log_message() - "GET /profile/Rita/ HTTP/1.1" 200 5691
2026-05-05 14:46:38 - INFO - django.server - log.py:249 - log_message() - "GET /edit-profile/ HTTP/1.1" 200 5770
2026-05-05 14:46:47 - INFO - users.views - views.py:173 - edit_profile() - Avatar uploaded for user Rita: _Sousuke!_ (gif).gif
2026-05-05 14:46:47 - DEBUG - users.models - models.py:60 - save() - User updated: Rita (ID: 1)
2026-05-05 14:46:47 - INFO - django.server - log.py:249 - log_message() - "POST /edit-profile/ HTTP/1.1" 302 0
2026-05-05 14:46:47 - DEBUG - users.views - views.py:79 - profile_view() - User Rita viewed their own profile
2026-05-05 14:46:47 - INFO - django.server - log.py:249 - log_message() - "GET /profile/Rita/ HTTP/1.1" 200 5986
2026-05-05 14:46:47 - INFO - django.server - log.py:249 - log_message() - "GET /media/avatars/_Sousuke__gif.gif HTTP/1.1" 200 1970754
2026-05-05 14:46:56 - DEBUG - users.views - views.py:105 - users_list() - User Rita accessed users list, found 1 other users
2026-05-05 14:46:56 - INFO - django.server - log.py:249 - log_message() - "GET /users/ HTTP/1.1" 200 4642
2026-05-05 14:46:59 - DEBUG - users.views - views.py:79 - profile_view() - User Rita viewed their own profile
2026-05-05 14:46:59 - INFO - django.server - log.py:249 - log_message() - "GET /profile/Rita/ HTTP/1.1" 200 5597
2026-05-05 14:46:59 - INFO - django.server - log.py:249 - log_message() - "GET /media/avatars/_Sousuke__gif.gif HTTP/1.1" 304 0
2026-05-05 14:47:03 - DEBUG - users.views - views.py:105 - users_list() - User Rita accessed users list, found 1 other users
2026-05-05 14:47:03 - INFO - django.server - log.py:249 - log_message() - "GET /users/ HTTP/1.1" 200 4642
2026-05-05 14:48:03 - DEBUG - users.views - views.py:79 - profile_view() - User Rita viewed their own profile
2026-05-05 14:48:03 - INFO - django.server - log.py:249 - log_message() - "GET /profile/Rita/ HTTP/1.1" 200 5597
2026-05-05 14:48:03 - INFO - django.server - log.py:249 - log_message() - "GET /media/avatars/_Sousuke__gif.gif HTTP/1.1" 304 0
2026-05-05 14:54:36 - DEBUG - users.views - views.py:105 - users_list() - User Rita accessed users list, found 1 other users
2026-05-05 14:54:36 - INFO - django.server - log.py:249 - log_message() - "GET /users/ HTTP/1.1" 200 4642
2026-05-05 14:54:38 - INFO - users.views - views.py:125 - add_friend() - Friend added: Rita added rita_telnova as friend
2026-05-05 14:54:38 - INFO - django.server - log.py:249 - log_message() - "GET /profile/rita_telnova/add/ HTTP/1.1" 302 0
2026-05-05 14:54:38 - DEBUG - users.views - views.py:82 - profile_view() - User Rita viewed friend rita_telnova's profile
2026-05-05 14:54:38 - INFO - django.server - log.py:249 - log_message() - "GET /profile/rita_telnova/ HTTP/1.1" 200 7035
2026-05-05 15:01:45 - INFO - django.utils.autoreload - autoreload.py:265 - trigger_reload() - C:\Users\Rita\3 курс\myproject\myproject\myproject\settings.py changed, reloading.
2026-05-05 15:01:47 - INFO - django.utils.autoreload - autoreload.py:681 - run_with_reloader() - Watching for file changes with StatReloader
2026-05-05 15:02:21 - INFO - django.utils.autoreload - autoreload.py:265 - trigger_reload() - C:\Users\Rita\3 курс\myproject\myproject\myproject\settings.py changed, reloading.
2026-05-05 15:02:23 - INFO - django.utils.autoreload - autoreload.py:681 - run_with_reloader() - Watching for file changes with StatReloader
2026-05-05 15:02:40 - INFO - django.utils.autoreload - autoreload.py:265 - trigger_reload() - C:\Users\Rita\3 курс\myproject\myproject\myproject\settings.py changed, reloading.
2026-05-05 15:02:42 - INFO - django.utils.autoreload - autoreload.py:681 - run_with_reloader() - Watching for file changes with StatReloader
2026-05-05 15:03:41 - INFO - django.utils.autoreload - autoreload.py:265 - trigger_reload() - C:\Users\Rita\3 курс\myproject\myproject\myproject\settings.py changed, reloading.
2026-05-05 15:03:43 - INFO - django.utils.autoreload - autoreload.py:681 - run_with_reloader() - Watching for file changes with StatReloader
2026-05-05 15:03:49 - INFO - django.utils.autoreload - autoreload.py:681 - run_with_reloader() - Watching for file changes with StatReloader
2026-05-05 15:03:55 - INFO - django.server - log.py:249 - log_message() - "GET / HTTP/1.1" 200 3829
2026-05-05 15:03:58 - INFO - django.server - log.py:249 - log_message() - "GET /users/ HTTP/1.1" 200 4763
2026-05-05 15:04:00 - INFO - django.server - log.py:249 - log_message() - "GET /profile/Rita/ HTTP/1.1" 200 6472
2026-05-05 15:04:00 - INFO - django.server - log.py:249 - log_message() - "GET /media/avatars/_Sousuke__gif.gif HTTP/1.1" 304 0
2026-05-05 15:04:24 - INFO - django.server - log.py:249 - log_message() - "GET /users/ HTTP/1.1" 200 4763
2026-05-05 15:04:27 - INFO - django.server - log.py:249 - log_message() - "GET /profile/rita_telnova/ HTTP/1.1" 200 6647
2026-05-05 15:08:22 - INFO - django.server - log.py:249 - log_message() - "GET /profile/Rita/ HTTP/1.1" 200 6472
2026-05-05 15:08:22 - INFO - django.server - log.py:249 - log_message() - "GET /media/avatars/_Sousuke__gif.gif HTTP/1.1" 304 0
2026-05-05 15:19:41 - INFO - django.server - log.py:249 - log_message() - "GET /edit-profile/ HTTP/1.1" 200 6143
2026-05-05 15:19:41 - INFO - django.server - log.py:249 - log_message() - "GET /media/avatars/_Sousuke__gif.gif HTTP/1.1" 304 0
2026-05-05 15:20:28 - INFO - users.views - views.py:173 - edit_profile() - Avatar uploaded for user Rita: Явочный (1).docx
2026-05-05 15:20:28 - INFO - django.server - log.py:249 - log_message() - "POST /edit-profile/ HTTP/1.1" 302 0
2026-05-05 15:20:28 - INFO - django.server - log.py:249 - log_message() - "GET /profile/Rita/ HTTP/1.1" 200 6893
2026-05-05 15:20:28 - INFO - django.server - log.py:249 - log_message() - "GET /media/avatars/%D0%AF%D0%B2%D0%BE%D1%87%D0%BD%D1%8B%D0%B9_1.docx HTTP/1.1" 200 24016
2026-05-05 15:25:42 - INFO - django.utils.autoreload - autoreload.py:265 - trigger_reload() - C:\Users\Rita\3 курс\myproject\myproject\users\forms.py changed, reloading.
2026-05-05 15:25:44 - INFO - django.utils.autoreload - autoreload.py:681 - run_with_reloader() - Watching for file changes with StatReloader
2026-05-05 15:26:39 - INFO - django.utils.autoreload - autoreload.py:265 - trigger_reload() - C:\Users\Rita\3 курс\myproject\myproject\users\views.py changed, reloading.
2026-05-05 15:26:41 - INFO - django.utils.autoreload - autoreload.py:681 - run_with_reloader() - Watching for file changes with StatReloader
2026-05-05 15:28:27 - INFO - django.utils.autoreload - autoreload.py:265 - trigger_reload() - C:\Users\Rita\3 курс\myproject\myproject\users\forms.py changed, reloading.
2026-05-05 15:28:29 - INFO - django.utils.autoreload - autoreload.py:681 - run_with_reloader() - Watching for file changes with StatReloader
2026-05-05 15:30:56 - INFO - django.utils.autoreload - autoreload.py:265 - trigger_reload() - C:\Users\Rita\3 курс\myproject\myproject\users\models.py changed, reloading.
2026-05-05 15:30:57 - INFO - django.utils.autoreload - autoreload.py:681 - run_with_reloader() - Watching for file changes with StatReloader
2026-05-05 15:31:33 - INFO - django.utils.autoreload - autoreload.py:265 - trigger_reload() - C:\Users\Rita\3 курс\myproject\myproject\users\models.py changed, reloading.
2026-05-05 15:31:35 - INFO - django.utils.autoreload - autoreload.py:681 - run_with_reloader() - Watching for file changes with StatReloader
2026-05-05 15:31:55 - INFO - django.utils.autoreload - autoreload.py:265 - trigger_reload() - C:\Users\Rita\3 курс\myproject\myproject\users\models.py changed, reloading.
2026-05-05 15:31:56 - INFO - django.utils.autoreload - autoreload.py:681 - run_with_reloader() - Watching for file changes with StatReloader
2026-05-05 15:32:01 - INFO - django.utils.autoreload - autoreload.py:681 - run_with_reloader() - Watching for file changes with StatReloader
2026-05-05 15:32:05 - INFO - django.server - log.py:249 - log_message() - "GET / HTTP/1.1" 200 3829
2026-05-05 15:32:07 - INFO - django.server - log.py:249 - log_message() - "GET /profile/Rita/ HTTP/1.1" 200 6504
2026-05-05 15:32:07 - INFO - django.server - log.py:249 - log_message() - "GET /media/avatars/%D0%AF%D0%B2%D0%BE%D1%87%D0%BD%D1%8B%D0%B9_1.docx HTTP/1.1" 304 0
2026-05-05 15:32:09 - INFO - django.server - log.py:249 - log_message() - "GET /edit-profile/ HTTP/1.1" 200 6175
2026-05-05 15:32:31 - ERROR - users.views - views.py:184 - edit_profile() - User Rita attempted to upload non-image file as avatar: filename=Явочный Лист (2) (1) (1) (1).docx, content_type=application/vnd.openxmlformats-officedocument.wordprocessingml.document, size=23923 bytes
NoneType: None
2026-05-05 15:32:31 - ERROR - django.request - log.py:249 - log_message() - Internal Server Error: /edit-profile/
Traceback (most recent call last):
  File "C:\Users\Rita\3 курс\myproject\.venv\Lib\site-packages\django\core\handlers\exception.py", line 55, in inner
    response = get_response(request)
               ^^^^^^^^^^^^^^^^^^^^^
  File "C:\Users\Rita\3 курс\myproject\.venv\Lib\site-packages\django\core\handlers\base.py", line 198, in _get_response
    response = wrapped_callback(request, *callback_args, **callback_kwargs)
               ^^^^^^^^^^^^^^^^^^^^^^^^^^^^^^^^^^^^^^^^^^^^^^^^^^^^^^^^^^^^
  File "C:\Users\Rita\3 курс\myproject\.venv\Lib\site-packages\django\contrib\auth\decorators.py", line 59, in _view_wrapper
    return view_func(request, *args, **kwargs)
           ^^^^^^^^^^^^^^^^^^^^^^^^^^^^^^^^^^^
  File "C:\Users\Rita\3 курс\myproject\myproject\users\views.py", line 237, in edit_profile
    user.save()
  File "C:\Users\Rita\3 курс\myproject\myproject\users\models.py", line 64, in save
    self.full_clean()
  File "C:\Users\Rita\3 курс\myproject\.venv\Lib\site-packages\django\db\models\base.py", line 1687, in full_clean
    self.clean()
  File "C:\Users\Rita\3 курс\myproject\myproject\users\models.py", line 58, in clean
    is_valid, error_message = validate_avatar_image(self.avatar, self.username)
                              ^^^^^^^^^^^^^^^^^^^^^^^^^^^^^^^^^^^^^^^^^^^^^^^^^
  File "C:\Users\Rita\3 курс\myproject\myproject\users\utils.py", line 21, in validate_avatar_image
    file_content_type = avatar_file.content_type
                        ^^^^^^^^^^^^^^^^^^^^^^^^
AttributeError: 'ImageFieldFile' object has no attribute 'content_type'
2026-05-05 15:32:31 - ERROR - django.server - log.py:249 - log_message() - "POST /edit-profile/ HTTP/1.1" 500 98950
2026-05-05 15:34:04 - INFO - django.utils.autoreload - autoreload.py:265 - trigger_reload() - C:\Users\Rita\3 курс\myproject\myproject\users\models.py changed, reloading.
2026-05-05 15:34:10 - INFO - django.utils.autoreload - autoreload.py:681 - run_with_reloader() - Watching for file changes with StatReloader
2026-05-05 15:34:12 - INFO - django.server - log.py:249 - log_message() - "GET / HTTP/1.1" 200 4384
2026-05-05 15:34:15 - INFO - django.server - log.py:249 - log_message() - "GET /profile/Rita/ HTTP/1.1" 200 6504
2026-05-05 15:34:15 - INFO - django.server - log.py:249 - log_message() - "GET /media/avatars/%D0%AF%D0%B2%D0%BE%D1%87%D0%BD%D1%8B%D0%B9_1.docx HTTP/1.1" 304 0
2026-05-05 15:34:17 - INFO - django.server - log.py:249 - log_message() - "GET /edit-profile/ HTTP/1.1" 200 6175
2026-05-05 15:34:33 - ERROR - users.views - views.py:184 - edit_profile() - User Rita attempted to upload non-image file as avatar: filename=Явочный.docx, content_type=application/vnd.openxmlformats-officedocument.wordprocessingml.document, size=24016 bytes
NoneType: None
2026-05-05 15:34:33 - INFO - django.server - log.py:249 - log_message() - "POST /edit-profile/ HTTP/1.1" 302 0
2026-05-05 15:34:33 - INFO - django.server - log.py:249 - log_message() - "GET /profile/Rita/ HTTP/1.1" 200 7368
2026-05-05 15:35:13 - INFO - django.server - log.py:249 - log_message() - "GET /edit-profile/ HTTP/1.1" 200 6175
2026-05-05 15:35:18 - INFO - django.server - log.py:249 - log_message() - "GET /profile/Rita/ HTTP/1.1" 200 6504
2026-05-05 15:35:21 - INFO - django.server - log.py:249 - log_message() - "GET /edit-profile/ HTTP/1.1" 200 6175
2026-05-05 15:35:44 - ERROR - users.views - views.py:184 - edit_profile() - User Rita attempted to upload non-image file as avatar: filename=1.docx, content_type=application/vnd.openxmlformats-officedocument.wordprocessingml.document, size=51503 bytes
NoneType: None
2026-05-05 15:35:44 - INFO - django.server - log.py:249 - log_message() - "POST /edit-profile/ HTTP/1.1" 302 0
2026-05-05 15:35:44 - INFO - django.server - log.py:249 - log_message() - "GET /profile/Rita/ HTTP/1.1" 200 7368
2026-05-05 15:35:44 - INFO - django.server - log.py:249 - log_message() - "GET /media/avatars/%D0%AF%D0%B2%D0%BE%D1%87%D0%BD%D1%8B%D0%B9_1.docx HTTP/1.1" 304 0
2026-05-05 15:35:51 - INFO - django.server - log.py:249 - log_message() - "GET /edit-profile/ HTTP/1.1" 200 6175
2026-05-05 15:35:57 - INFO - django.server - log.py:249 - log_message() - "GET /profile/Rita/ HTTP/1.1" 200 6504
2026-05-05 15:37:08 - INFO - django.server - log.py:249 - log_message() - "GET /edit-profile/ HTTP/1.1" 200 6175
2026-05-05 15:40:00 - INFO - django.utils.autoreload - autoreload.py:265 - trigger_reload() - C:\Users\Rita\3 курс\myproject\myproject\users\views.py changed, reloading.
2026-05-05 15:40:02 - INFO - django.utils.autoreload - autoreload.py:681 - run_with_reloader() - Watching for file changes with StatReloader
2026-05-05 15:40:46 - INFO - django.utils.autoreload - autoreload.py:265 - trigger_reload() - C:\Users\Rita\3 курс\myproject\myproject\users\views.py changed, reloading.
2026-05-05 15:40:48 - INFO - django.utils.autoreload - autoreload.py:681 - run_with_reloader() - Watching for file changes with StatReloader
2026-05-05 15:42:38 - INFO - django.utils.autoreload - autoreload.py:265 - trigger_reload() - C:\Users\Rita\3 курс\myproject\myproject\users\views.py changed, reloading.
2026-05-05 15:42:40 - INFO - django.utils.autoreload - autoreload.py:681 - run_with_reloader() - Watching for file changes with StatReloader
2026-05-05 15:43:16 - INFO - django.utils.autoreload - autoreload.py:265 - trigger_reload() - C:\Users\Rita\3 курс\myproject\myproject\users\views.py changed, reloading.
2026-05-05 15:43:18 - INFO - django.utils.autoreload - autoreload.py:681 - run_with_reloader() - Watching for file changes with StatReloader
2026-05-05 15:45:45 - INFO - django.utils.autoreload - autoreload.py:265 - trigger_reload() - C:\Users\Rita\3 курс\myproject\myproject\users\views.py changed, reloading.
2026-05-05 15:45:47 - INFO - django.utils.autoreload - autoreload.py:681 - run_with_reloader() - Watching for file changes with StatReloader
2026-05-05 15:45:49 - INFO - django.server - log.py:249 - log_message() - "GET / HTTP/1.1" 200 3829
2026-05-05 15:45:51 - INFO - django.server - log.py:249 - log_message() - "GET /profile/Rita/ HTTP/1.1" 200 6504
2026-05-05 15:45:52 - INFO - django.server - log.py:249 - log_message() - "GET /media/avatars/%D0%AF%D0%B2%D0%BE%D1%87%D0%BD%D1%8B%D0%B9_1.docx HTTP/1.1" 304 0
2026-05-05 15:45:53 - INFO - django.server - log.py:249 - log_message() - "GET /edit-profile/ HTTP/1.1" 200 6175
2026-05-05 15:46:37 - ERROR - users.views - views.py:173 - edit_profile() - User Rita tried to upload non-image file: text/plain, filename: Логин и пароль Тельнова.txt
NoneType: None
2026-05-05 15:46:37 - INFO - django.server - log.py:249 - log_message() - "POST /edit-profile/ HTTP/1.1" 302 0
2026-05-05 15:46:37 - INFO - django.server - log.py:249 - log_message() - "GET /edit-profile/ HTTP/1.1" 200 6699
